
Kukuh Imanura@DESKTOP-A15RMB0 MINGW64 /c/xampp/htdocs/project (master)
$ git init
Reinitialized existing Git repository in C:/xampp/htdocs/project/.git/

Kukuh Imanura@DESKTOP-A15RMB0 MINGW64 /c/xampp/htdocs/project (master)
$ git add .
warning: in the working copy of 'data/bootstrap/bootstrap.css', LF will be replaced by CRLF the next time Git touches it
warning: in the working copy of 'data/bootstrap/bootstrap.js', LF will be replaced by CRLF the next time Git touches it
warning: in the working copy of 'data/bootstrap/jquery-3.3.1.slim.min.js', LF will be replaced by CRLF the next time Git touches it
warning: in the working copy of 'data/bootstrap/popper.min.js', LF will be replaced by CRLF the next time Git touches it

Kukuh Imanura@DESKTOP-A15RMB0 MINGW64 /c/xampp/htdocs/project (master)
$ git remote add origin https://github.com/kukuh-imanura/project.git

Kukuh Imanura@DESKTOP-A15RMB0 MINGW64 /c/xampp/htdocs/project (master)
$ git commit -m "first commit : backup project"
[master (root-commit) e458fba] first commit : backup project
 30 files changed, 14709 insertions(+)
 create mode 100644 data/CSS 3 Cheatsheet/CSS 3 Cheatsheet-01.jpg
 create mode 100644 data/CSS 3 Cheatsheet/CSS 3 Cheatsheet-02.jpg
 create mode 100644 data/CSS 3 Cheatsheet/CSS 3 Cheatsheet-03.jpg
 create mode 100644 data/CSS 3 Cheatsheet/CSS 3 Cheatsheet-04.jpg
 create mode 100644 data/CSS 3 Cheatsheet/CSS 3 Cheatsheet-05.jpg
 create mode 100644 data/CSS 3 Cheatsheet/CSS 3 Cheatsheet-06.jpg
 create mode 100644 data/CSS 3 Cheatsheet/CSS 3 Cheatsheet-07.jpg
 create mode 100644 data/CSS 3 Cheatsheet/CSS 3 Cheatsheet-08.jpg
 create mode 100644 data/CSS 3 Cheatsheet/CSS 3 Cheatsheet-09.jpg
 create mode 100644 data/CSS 3 Cheatsheet/CSS 3 Cheatsheet-10.jpg
 create mode 100644 data/CSS 3 Cheatsheet/CSS 3 Cheatsheet-11.jpg
 create mode 100644 data/CSS 3 Cheatsheet/CSS 3 Cheatsheet-12.jpg
 create mode 100644 data/CSS 3 Cheatsheet/CSS 3 Cheatsheet-13.jpg
 create mode 100644 data/bootstrap/bootstrap.css
 create mode 100644 data/bootstrap/bootstrap.js
 create mode 100644 data/bootstrap/jquery-3.3.1.slim.min.js
 create mode 100644 data/bootstrap/popper.min.js
 create mode 100644 data/css/style.css
 create mode 100644 data/img/bg.jpg
 create mode 100644 data/img/bg1.jpg
 create mode 100644 data/img/me.jpg
 create mode 100644 data/img/me1.jpg
 create mode 100644 data/img/me2.jpg
 create mode 100644 data/img/pp.jpg
 create mode 100644 data/img/yunan.jpg
 create mode 100644 data/php/comment.php
 create mode 100644 data/test/test.html
 create mode 100644 data/test/test.py
 create mode 100644 index.html
 create mode 100644 note.txt

Kukuh Imanura@DESKTOP-A15RMB0 MINGW64 /c/xampp/htdocs/project (master)
$ git push -u origin master
Enumerating objects: 38, done.
Counting objects: 100% (38/38), done.
Delta compression using up to 2 threads
Compressing objects: 100% (35/35), done.
Writing objects: 100% (38/38), 2.83 MiB | 368.00 KiB/s, done.
Total 38 (delta 0), reused 0 (delta 0), pack-reused 0
To https://github.com/kukuh-imanura/project.git
 * [new branch]      master -> master
branch 'master' set up to track 'origin/master'.

Kukuh Imanura@DESKTOP-A15RMB0 MINGW64 /c/xampp/htdocs/project (master)
$ git add .

Kukuh Imanura@DESKTOP-A15RMB0 MINGW64 /c/xampp/htdocs/project (master)
$ git commit -m "add note folder"
[master ee8e656] add note folder
 2 files changed, 64 insertions(+)
 delete mode 100644 note.txt
 create mode 100644 note/git.txt

Kukuh Imanura@DESKTOP-A15RMB0 MINGW64 /c/xampp/htdocs/project (master)
$ git push
Enumerating objects: 5, done.
Counting objects: 100% (5/5), done.
Delta compression using up to 2 threads
Compressing objects: 100% (3/3), done.
Writing objects: 100% (4/4), 1.06 KiB | 362.00 KiB/s, done.
Total 4 (delta 0), reused 0 (delta 0), pack-reused 0
To https://github.com/kukuh-imanura/project.git
   e458fba..ee8e656  master -> master

Kukuh Imanura@DESKTOP-A15RMB0 MINGW64 /c/xampp/htdocs/project (master)
$ git pull
remote: Enumerating objects: 13, done.
remote: Counting objects: 100% (13/13), done.
remote: Compressing objects: 100% (12/12), done.
remote: Total 12 (delta 2), reused 0 (delta 0), pack-reused 0
Unpacking objects: 100% (12/12), 3.10 KiB | 52.00 KiB/s, done.
From https://github.com/kukuh-imanura/project
   ee8e656..36e52dc  master     -> origin/master
Updating ee8e656..36e52dc
Fast-forward
 README.md | 11 +++++++++++
 1 file changed, 11 insertions(+)
 create mode 100644 README.md